Running on host node47-002
Time is Sun Dec 18 02:40:23 GMT 2016
Directory is /panfs/panasas01/cosc/dc14770/CW3
PBS job ID is 5280372.master.cm.cluster
This jobs runs on the following machines:
node47-002
Using GPU at index 1
Main function entered
Initialising data structures and loading values from file

Available OpenCL devices:
 0: Tesla K20m
 1: Tesla K20m

Selected OpenCL device:
-> Tesla K20m (index=1)

Creating program with source
Creating kernels
8192 work group(s) of size of 128.
Finished initialisation, now computing timesteps.
==done==
Reynolds number:		3.376612663269E+00
Elapsed time:			32.065436 (s)
Elapsed user CPU time:		28.374686 (s)
Elapsed system CPU time:	4.919252 (s)
