Running on host node47-008
Time is Sun Dec 18 04:15:43 GMT 2016
Directory is /panfs/panasas01/cosc/dc14770/CW3
PBS job ID is 5280537.master.cm.cluster
This jobs runs on the following machines:
node47-008
Using GPU at index 1
Main function entered
Initialising data structures and loading values from file

Available OpenCL devices:
 0: Tesla K20m
 1: Tesla K20m

Selected OpenCL device:
-> Tesla K20m (index=1)

Creating program with source
Creating kernels
512 work group(s) of size of 128.
90.01 percent of the input grid is not obstacles.
Finished initialisation, now computing timesteps.
==done==
Reynolds number:		5.942723751068E-01
Elapsed time:			13.291507 (s)
Elapsed user CPU time:		12.513097 (s)
Elapsed system CPU time:	1.986697 (s)
