Running on host node47-008
Time is Sun Dec 18 04:15:43 GMT 2016
Directory is /panfs/panasas01/cosc/dc14770/CW3
PBS job ID is 5280536.master.cm.cluster
This jobs runs on the following machines:
node47-008
Using GPU at index 0
Main function entered
Initialising data structures and loading values from file

Available OpenCL devices:
 0: Tesla K20m
 1: Tesla K20m

Selected OpenCL device:
-> Tesla K20m (index=0)

Creating program with source
Creating kernels
512 work group(s) of size of 128.
30.17 percent of the input grid is not obstacles.
Finished initialisation, now computing timesteps.
==done==
Reynolds number:		2.120276214555E-03
Elapsed time:			13.328391 (s)
Elapsed user CPU time:		12.810052 (s)
Elapsed system CPU time:	1.710739 (s)
