Running on host node47-002
Time is Sun Dec 18 04:15:43 GMT 2016
Directory is /panfs/panasas01/cosc/dc14770/CW3
PBS job ID is 5280533.master.cm.cluster
This jobs runs on the following machines:
node47-002
Using GPU at index 1
Main function entered
Initialising data structures and loading values from file

Available OpenCL devices:
 0: Tesla K20m
 1: Tesla K20m

Selected OpenCL device:
-> Tesla K20m (index=1)

Creating program with source
Creating kernels
512 work group(s) of size of 128.
70.02 percent of the input grid is not obstacles.
Finished initialisation, now computing timesteps.
==done==
Reynolds number:		3.789822384715E-02
Elapsed time:			13.491104 (s)
Elapsed user CPU time:		12.814051 (s)
Elapsed system CPU time:	1.903710 (s)
