Running on host node46-002
Time is Sun Dec 18 04:15:43 GMT 2016
Directory is /panfs/panasas01/cosc/dc14770/CW3
PBS job ID is 5280530.master.cm.cluster
This jobs runs on the following machines:
node46-002
Using GPU at index 0
Main function entered
Initialising data structures and loading values from file

Available OpenCL devices:
 0: Tesla K20m
 1: Tesla K20m

Selected OpenCL device:
-> Tesla K20m (index=0)

Creating program with source
Creating kernels
512 work group(s) of size of 128.
40.24 percent of the input grid is not obstacles.
Finished initialisation, now computing timesteps.
==done==
Reynolds number:		2.455895766616E-03
Elapsed time:			13.482196 (s)
Elapsed user CPU time:		12.831049 (s)
Elapsed system CPU time:	1.867716 (s)
