Running on host node47-002
Time is Sat Dec 17 20:03:28 GMT 2016
Directory is /panfs/panasas01/cosc/dc14770/CW3
PBS job ID is 5279580.master.cm.cluster
This jobs runs on the following machines:
node47-002
Using GPU at index 1
Main function entered
Initialising data structures and loading values from file

Available OpenCL devices:
 0: Tesla K20m
 1: Tesla K20m

Selected OpenCL device:
-> Tesla K20m (index=1)

Creating program with source
Creating kernels
65536 work group(s) of size of 16.
Finished initialisation, now computing timesteps.
==done==
Reynolds number:		3.376612663269E+00
Elapsed time:			82.718518 (s)
Elapsed user CPU time:		72.003053 (s)
Elapsed system CPU time:	11.966180 (s)
