Running on host node47-002
Time is Mon Dec 19 01:43:28 GMT 2016
Directory is /panfs/panasas01/cosc/dc14770/CW3
PBS job ID is 5284704.master.cm.cluster
This jobs runs on the following machines:
node47-002
Using GPU at index 0
Main function entered
Initialising data structures and loading values from file

Available OpenCL devices:
 0: Tesla K20m
 1: Tesla K20m

Selected OpenCL device:
-> Tesla K20m (index=0)

Creating program with source
Creating kernels
256 work group(s) of size of 128.
98.05 percent of the input grid is not obstacles.
Finished initialisation, now computing timesteps.
==done==
Reynolds number:		3.717322158813E+01
Elapsed time:			3.881672 (s)
Elapsed user CPU time:		4.567305 (s)
Elapsed system CPU time:	0.509922 (s)
