Running on host node47-017
Time is Sat Dec 17 23:13:59 GMT 2016
Directory is /panfs/panasas01/cosc/dc14770/CW3
PBS job ID is 5280060.master.cm.cluster
This jobs runs on the following machines:
node47-017
Using GPU at index 1
Main function entered
Initialising data structures and loading values from file

Available OpenCL devices:
 0: Tesla K20m
 1: Tesla K20m

Selected OpenCL device:
-> Tesla K20m (index=1)

Creating program with source
Creating kernels
512 work group(s) of size of 64.
Finished initialisation, now computing timesteps.
==done==
Reynolds number:		3.717322158813E+01
Elapsed time:			4.827384 (s)
Elapsed user CPU time:		4.994240 (s)
Elapsed system CPU time:	1.074836 (s)
