Running on host node47-002
Time is Sat Dec 17 23:12:54 GMT 2016
Directory is /panfs/panasas01/cosc/dc14770/CW3
PBS job ID is 5280036.master.cm.cluster
This jobs runs on the following machines:
node47-002
Using GPU at index 0
Main function entered
Initialising data structures and loading values from file

Available OpenCL devices:
 0: Tesla K20m
 1: Tesla K20m

Selected OpenCL device:
-> Tesla K20m (index=0)

Creating program with source
Creating kernels
4096 work group(s) of size of 8.
Finished initialisation, now computing timesteps.
==done==
Reynolds number:		3.717322158813E+01
Elapsed time:			11.902014 (s)
Elapsed user CPU time:		11.405266 (s)
Elapsed system CPU time:	1.709740 (s)
