Running on host node47-022
Time is Sat Dec 17 23:13:59 GMT 2016
Directory is /panfs/panasas01/cosc/dc14770/CW3
PBS job ID is 5280070.master.cm.cluster
This jobs runs on the following machines:
node47-022
Using GPU at index 1
Main function entered
Initialising data structures and loading values from file

Available OpenCL devices:
 0: Tesla K20m
 1: Tesla K20m

Selected OpenCL device:
-> Tesla K20m (index=1)

Creating program with source
Creating kernels
8192 work group(s) of size of 4.
Finished initialisation, now computing timesteps.
==done==
Reynolds number:		3.717322158813E+01
Elapsed time:			20.036713 (s)
Elapsed user CPU time:		18.146241 (s)
Elapsed system CPU time:	3.099528 (s)
