Running on host node47-010
Time is Sat Dec 17 23:13:58 GMT 2016
Directory is /panfs/panasas01/cosc/dc14770/CW3
PBS job ID is 5280049.master.cm.cluster
This jobs runs on the following machines:
node47-010
Using GPU at index 0
Main function entered
Initialising data structures and loading values from file

Available OpenCL devices:
 0: Tesla K20m
 1: Tesla K20m

Selected OpenCL device:
-> Tesla K20m (index=0)

Creating program with source
Creating kernels
8192 work group(s) of size of 2.
Finished initialisation, now computing timesteps.
==done==
Reynolds number:		9.754215240479E+00
Elapsed time:			18.272526 (s)
Elapsed user CPU time:		16.875434 (s)
Elapsed system CPU time:	2.655596 (s)
