Running on host node47-008
Time is Sat Dec 17 23:14:31 GMT 2016
Directory is /panfs/panasas01/cosc/dc14770/CW3
PBS job ID is 5280075.master.cm.cluster
This jobs runs on the following machines:
node47-008
Using GPU at index 0
Main function entered
Initialising data structures and loading values from file

Available OpenCL devices:
 0: Tesla K20m
 1: Tesla K20m

Selected OpenCL device:
-> Tesla K20m (index=0)

Creating program with source
Creating kernels
8192 work group(s) of size of 8.
Finished initialisation, now computing timesteps.
==done==
Reynolds number:		1.006294918060E+01
Elapsed time:			42.077649 (s)
Elapsed user CPU time:		37.295330 (s)
Elapsed system CPU time:	5.974091 (s)
