Running on host node47-014
Time is Sat Dec 17 23:14:31 GMT 2016
Directory is /panfs/panasas01/cosc/dc14770/CW3
PBS job ID is 5280077.master.cm.cluster
This jobs runs on the following machines:
node47-014
Using GPU at index 0
Main function entered
Initialising data structures and loading values from file

Available OpenCL devices:
 0: Tesla K20m
 1: Tesla K20m

Selected OpenCL device:
-> Tesla K20m (index=0)

Creating program with source
Creating kernels
256 work group(s) of size of 128.
Finished initialisation, now computing timesteps.
==done==
Reynolds number:		3.717322158813E+01
Elapsed time:			4.603514 (s)
Elapsed user CPU time:		5.170214 (s)
Elapsed system CPU time:	0.628904 (s)
