Running on host node47-019
Time is Sat Dec 17 23:14:31 GMT 2016
Directory is /panfs/panasas01/cosc/dc14770/CW3
PBS job ID is 5280079.master.cm.cluster
This jobs runs on the following machines:
node47-019
Using GPU at index 1
Main function entered
Initialising data structures and loading values from file

Available OpenCL devices:
 0: Tesla K20m
 1: Tesla K20m

Selected OpenCL device:
-> Tesla K20m (index=1)

Creating program with source
Creating kernels
128 work group(s) of size of 128.
Finished initialisation, now computing timesteps.
==done==
Reynolds number:		9.754215240479E+00
Elapsed time:			3.269738 (s)
Elapsed user CPU time:		4.003391 (s)
Elapsed system CPU time:	0.425935 (s)
