Running on host node46-002
Time is Sat Dec 17 23:13:58 GMT 2016
Directory is /panfs/panasas01/cosc/dc14770/CW3
PBS job ID is 5280042.master.cm.cluster
This jobs runs on the following machines:
node46-002
Using GPU at index 1
Main function entered
Initialising data structures and loading values from file

Available OpenCL devices:
 0: Tesla K20m
 1: Tesla K20m

Selected OpenCL device:
-> Tesla K20m (index=1)

Creating program with source
Creating kernels
1024 work group(s) of size of 64.
Finished initialisation, now computing timesteps.
==done==
Reynolds number:		1.006294918060E+01
Elapsed time:			13.588047 (s)
Elapsed user CPU time:		12.932034 (s)
Elapsed system CPU time:	1.855717 (s)
