Running on host node47-023
Time is Sat Dec 17 23:13:59 GMT 2016
Directory is /panfs/panasas01/cosc/dc14770/CW3
PBS job ID is 5280072.master.cm.cluster
This jobs runs on the following machines:
node47-023
Using GPU at index 1
Main function entered
Initialising data structures and loading values from file

Available OpenCL devices:
 0: Tesla K20m
 1: Tesla K20m

Selected OpenCL device:
-> Tesla K20m (index=1)

Creating program with source
Creating kernels
16384 work group(s) of size of 4.
Finished initialisation, now computing timesteps.
==done==
Reynolds number:		1.006294918060E+01
Elapsed time:			74.537420 (s)
Elapsed user CPU time:		64.755155 (s)
Elapsed system CPU time:	11.014325 (s)
