Running on host node47-007
Time is Sat Dec 17 23:13:58 GMT 2016
Directory is /panfs/panasas01/cosc/dc14770/CW3
PBS job ID is 5280043.master.cm.cluster
This jobs runs on the following machines:
node47-007
Using GPU at index 0
Main function entered
Initialising data structures and loading values from file

Available OpenCL devices:
 0: Tesla K20m
 1: Tesla K20m

Selected OpenCL device:
-> Tesla K20m (index=0)

Creating program with source
Creating kernels
16384 work group(s) of size of 64.
Finished initialisation, now computing timesteps.
==done==
Reynolds number:		3.376612663269E+00
Elapsed time:			34.376036 (s)
Elapsed user CPU time:		30.403377 (s)
Elapsed system CPU time:	5.201209 (s)
