Running on host node47-017
Time is Sat Dec 17 23:13:59 GMT 2016
Directory is /panfs/panasas01/cosc/dc14770/CW3
PBS job ID is 5280059.master.cm.cluster
This jobs runs on the following machines:
node47-017
Using GPU at index 0
Main function entered
Initialising data structures and loading values from file

Available OpenCL devices:
 0: Tesla K20m
 1: Tesla K20m

Selected OpenCL device:
-> Tesla K20m (index=0)

Creating program with source
Creating kernels
131072 work group(s) of size of 8.
Finished initialisation, now computing timesteps.
==done==
Reynolds number:		3.376612663269E+00
Elapsed time:			148.127047 (s)
Elapsed user CPU time:		127.219659 (s)
Elapsed system CPU time:	22.181627 (s)
