Running on host node47-002
Time is Fri Dec 9 03:38:36 GMT 2016
Directory is /panfs/panasas01/cosc/dc14770/CW3
PBS job ID is 5231155.master.cm.cluster
This jobs runs on the following machines:
node47-002
Using GPU at index 0
Main function entered
Initialising data structures and loading values from file

Available OpenCL devices:
 0: Tesla K20m
 1: Tesla K20m

Selected OpenCL device:
-> Tesla K20m (index=0)

Creating program with source
Creating kernels
65536 work group(s) of size of 16.
Finished initialisation, now computing timesteps.
==done==
Reynolds number:		3.376612663269E+00
Elapsed time:			189.081188 (s)
Elapsed user CPU time:		162.481299 (s)
Elapsed system CPU time:	27.775777 (s)
