Running on host node47-007
Time is Fri Dec 9 03:26:52 GMT 2016
Directory is /panfs/panasas01/cosc/dc14770/CW3
PBS job ID is 5231132.master.cm.cluster
This jobs runs on the following machines:
node47-007
Using GPU at index 0
Main function entered
Initialising data structures and loading values from file

Available OpenCL devices:
 0: Tesla K20m
 1: Tesla K20m

Selected OpenCL device:
-> Tesla K20m (index=0)

Creating program with source
Creating kernels
524288 work group(s) of size of 2.
Finished initialisation, now computing timesteps.
==done==
Reynolds number:		3.376612663269E+00
Elapsed time:			316.921398 (s)
Elapsed user CPU time:		273.300452 (s)
Elapsed system CPU time:	44.796189 (s)
