Running on host node47-007
Time is Fri Dec 9 03:47:42 GMT 2016
Directory is /panfs/panasas01/cosc/dc14770/CW3
PBS job ID is 5231171.master.cm.cluster
This jobs runs on the following machines:
node47-007
Using GPU at index 1
Main function entered
Initialising data structures and loading values from file

Available OpenCL devices:
 0: Tesla K20m
 1: Tesla K20m

Selected OpenCL device:
-> Tesla K20m (index=1)

Creating program with source
Creating kernels
128 work group(s) of size of 128.
Finished initialisation, now computing timesteps.
==done==
Reynolds number:		9.754215240479E+00
Elapsed time:			6.077052 (s)
Elapsed user CPU time:		6.436021 (s)
Elapsed system CPU time:	0.828873 (s)
