Running on host node46-002
Time is Fri Dec 9 03:25:48 GMT 2016
Directory is /panfs/panasas01/cosc/dc14770/CW3
PBS job ID is 5231131.master.cm.cluster
This jobs runs on the following machines:
node46-002
Using GPU at index 0
Main function entered
Initialising data structures and loading values from file

Available OpenCL devices:
 0: Tesla K20m
 1: Tesla K20m

Selected OpenCL device:
-> Tesla K20m (index=0)

Creating program with source
Creating kernels
32768 work group(s) of size of 2.
Finished initialisation, now computing timesteps.
==done==
Reynolds number:		1.006295013428E+01
Elapsed time:			82.837757 (s)
Elapsed user CPU time:		72.280011 (s)
Elapsed system CPU time:	11.762211 (s)
