Running on host node47-002
Time is Fri Dec 9 03:39:40 GMT 2016
Directory is /panfs/panasas01/cosc/dc14770/CW3
PBS job ID is 5231158.master.cm.cluster
This jobs runs on the following machines:
node47-002
Using GPU at index 1
Main function entered
Initialising data structures and loading values from file

Available OpenCL devices:
 0: Tesla K20m
 1: Tesla K20m

Selected OpenCL device:
-> Tesla K20m (index=1)

Creating program with source
Creating kernels
512 work group(s) of size of 32.
Finished initialisation, now computing timesteps.
==done==
Reynolds number:		9.754215240479E+00
Elapsed time:			6.108850 (s)
Elapsed user CPU time:		6.456018 (s)
Elapsed system CPU time:	0.820875 (s)
