Running on host node47-002
Time is Fri Dec 9 03:53:02 GMT 2016
Directory is /panfs/panasas01/cosc/dc14770/CW3
PBS job ID is 5231178.master.cm.cluster
This jobs runs on the following machines:
node47-002
Using GPU at index 1
Main function entered
Initialising data structures and loading values from file

Available OpenCL devices:
 0: Tesla K20m
 1: Tesla K20m

Selected OpenCL device:
-> Tesla K20m (index=1)

Creating program with source
Creating kernels
128 work group(s) of size of 256.
Finished initialisation, now computing timesteps.
==done==
Reynolds number:		3.717322158813E+01
Elapsed time:			14.110908 (s)
Elapsed user CPU time:		13.255984 (s)
Elapsed system CPU time:	2.033690 (s)
