Running on host node47-007
Time is Fri Dec 9 03:45:00 GMT 2016
Directory is /panfs/panasas01/cosc/dc14770/CW3
PBS job ID is 5231165.master.cm.cluster
This jobs runs on the following machines:
node47-007
Using GPU at index 0
Main function entered
Initialising data structures and loading values from file

Available OpenCL devices:
 0: Tesla K20m
 1: Tesla K20m

Selected OpenCL device:
-> Tesla K20m (index=0)

Creating program with source
Creating kernels
512 work group(s) of size of 64.
Finished initialisation, now computing timesteps.
==done==
Reynolds number:		3.717322158813E+01
Elapsed time:			13.201859 (s)
Elapsed user CPU time:		12.461105 (s)
Elapsed system CPU time:	1.911709 (s)
