Running on host node46-002
Time is Mon Dec 19 04:43:17 GMT 2016
Directory is /panfs/panasas01/cosc/dc14770/CW3
PBS job ID is 5285227.master.cm.cluster
This jobs runs on the following machines:
node46-002
Using GPU at index 1
Main function entered
Initialising data structures and loading values from file

Available OpenCL devices:
 0: Tesla K20m
 1: Tesla K20m

Selected OpenCL device:
-> Tesla K20m (index=1)

Creating program with source
Creating kernels
128 work group(s) of size of 128.
96.90 percent of the input grid is not obstacles.
Finished initialisation, now computing timesteps.
==done==
Reynolds number:		9.754216194153E+00
Elapsed time:			2.949350 (s)
Elapsed user CPU time:		3.784424 (s)
Elapsed system CPU time:	0.375942 (s)
