Running on host node47-002
Time is Sun Dec 18 03:34:47 GMT 2016
Directory is /panfs/panasas01/cosc/dc14770/CW3
PBS job ID is 5280454.master.cm.cluster
This jobs runs on the following machines:
node47-002
Using GPU at index 0
Main function entered
Initialising data structures and loading values from file

Available OpenCL devices:
 0: Tesla K20m
 1: Tesla K20m

Selected OpenCL device:
-> Tesla K20m (index=0)

Creating program with source
Creating kernels
8192 work group(s) of size of 128.
99.51 percent of the input grid is not obstacles.
Finished initialisation, now computing timesteps.
==done==
Reynolds number:		3.376612901688E+00
Elapsed time:			29.108756 (s)
Elapsed user CPU time:		25.857069 (s)
Elapsed system CPU time:	4.466321 (s)
