Running on host node47-007
Time is Sun Dec 18 03:34:47 GMT 2016
Directory is /panfs/panasas01/cosc/dc14770/CW3
PBS job ID is 5280456.master.cm.cluster
This jobs runs on the following machines:
node47-007
Using GPU at index 0
Main function entered
Initialising data structures and loading values from file

Available OpenCL devices:
 0: Tesla K20m
 1: Tesla K20m

Selected OpenCL device:
-> Tesla K20m (index=0)

Creating program with source
Creating kernels
128 work group(s) of size of 128.
96.90 percent of the input grid is not obstacles.
Finished initialisation, now computing timesteps.
==done==
Reynolds number:		9.754216194153E+00
Elapsed time:			3.308141 (s)
Elapsed user CPU time:		4.068381 (s)
Elapsed system CPU time:	0.452931 (s)
